Archive member included to satisfy reference by file (symbol)

/usr/lib/gcc/avr/4.9.2/avr25/tiny-stack/libgcc.a(_exit.o)
                              /usr/lib/gcc/avr/4.9.2/../../../avr/lib/avr25/tiny-stack/crtattiny2313.o (exit)
/usr/lib/gcc/avr/4.9.2/avr25/tiny-stack/libgcc.a(_copy_data.o)
                              uart.o (__do_copy_data)
/usr/lib/gcc/avr/4.9.2/avr25/tiny-stack/libgcc.a(_clear_bss.o)
                              main.o (__do_clear_bss)
/usr/lib/gcc/avr/4.9.2/avr25/tiny-stack/libgcc.a(_adddi3_s8.o)
                              main.o (__adddi3_s8)
/usr/lib/gcc/avr/4.9.2/avr25/tiny-stack/libgcc.a(_subdi3.o)
                              main.o (__subdi3)
/usr/lib/gcc/avr/4.9.2/avr25/tiny-stack/libgcc.a(_cmpdi2_s8.o)
                              main.o (__cmpdi2_s8)

Memory Configuration

Name             Origin             Length             Attributes
text             0x0000000000000000 0x0000000000002000 xr
data             0x0000000000800060 0x000000000000ffa0 rw !x
eeprom           0x0000000000810000 0x0000000000010000 rw !x
fuse             0x0000000000820000 0x0000000000000400 rw !x
lock             0x0000000000830000 0x0000000000000400 rw !x
signature        0x0000000000840000 0x0000000000000400 rw !x
user_signatures  0x0000000000850000 0x0000000000000400 rw !x
*default*        0x0000000000000000 0xffffffffffffffff

Linker script and memory map

LOAD /usr/lib/gcc/avr/4.9.2/../../../avr/lib/avr25/tiny-stack/crtattiny2313.o
LOAD main.o
LOAD uart.o
START GROUP
LOAD /usr/lib/gcc/avr/4.9.2/avr25/tiny-stack/libgcc.a
LOAD /usr/lib/gcc/avr/4.9.2/../../../avr/lib/avr25/tiny-stack/libm.a
LOAD /usr/lib/gcc/avr/4.9.2/../../../avr/lib/avr25/tiny-stack/libc.a
LOAD /usr/lib/gcc/avr/4.9.2/../../../avr/lib/avr25/tiny-stack/libattiny2313.a
END GROUP

.hash
 *(.hash)

.dynsym
 *(.dynsym)

.dynstr
 *(.dynstr)

.gnu.version
 *(.gnu.version)

.gnu.version_d
 *(.gnu.version_d)

.gnu.version_r
 *(.gnu.version_r)

.rel.init
 *(.rel.init)

.rela.init
 *(.rela.init)

.rel.text
 *(.rel.text)
 *(.rel.text.*)
 *(.rel.gnu.linkonce.t*)

.rela.text
 *(.rela.text)
 *(.rela.text.*)
 *(.rela.gnu.linkonce.t*)

.rel.fini
 *(.rel.fini)

.rela.fini
 *(.rela.fini)

.rel.rodata
 *(.rel.rodata)
 *(.rel.rodata.*)
 *(.rel.gnu.linkonce.r*)

.rela.rodata
 *(.rela.rodata)
 *(.rela.rodata.*)
 *(.rela.gnu.linkonce.r*)

.rel.data
 *(.rel.data)
 *(.rel.data.*)
 *(.rel.gnu.linkonce.d*)

.rela.data
 *(.rela.data)
 *(.rela.data.*)
 *(.rela.gnu.linkonce.d*)

.rel.ctors
 *(.rel.ctors)

.rela.ctors
 *(.rela.ctors)

.rel.dtors
 *(.rel.dtors)

.rela.dtors
 *(.rela.dtors)

.rel.got
 *(.rel.got)

.rela.got
 *(.rela.got)

.rel.bss
 *(.rel.bss)

.rela.bss
 *(.rela.bss)

.rel.plt
 *(.rel.plt)

.rela.plt
 *(.rela.plt)

.text           0x0000000000000000      0x702
 *(.vectors)
 .vectors       0x0000000000000000       0x26 /usr/lib/gcc/avr/4.9.2/../../../avr/lib/avr25/tiny-stack/crtattiny2313.o
                0x0000000000000000                __vectors
                0x0000000000000000                __vector_default
 *(.vectors)
 *(.progmem.gcc*)
                0x0000000000000026                . = ALIGN (0x2)
                0x0000000000000026                __trampolines_start = .
 *(.trampolines)
 .trampolines   0x0000000000000026        0x0 linker stubs
 *(.trampolines*)
                0x0000000000000026                __trampolines_end = .
 *(.progmem*)
                0x0000000000000026                . = ALIGN (0x2)
 *(.jumptables)
 *(.jumptables*)
 *(.lowtext)
 *(.lowtext*)
                0x0000000000000026                __ctors_start = .
 *(.ctors)
                0x0000000000000026                __ctors_end = .
                0x0000000000000026                __dtors_start = .
 *(.dtors)
                0x0000000000000026                __dtors_end = .
 SORT(*)(.ctors)
 SORT(*)(.dtors)
 *(.init0)
 .init0         0x0000000000000026        0x0 /usr/lib/gcc/avr/4.9.2/../../../avr/lib/avr25/tiny-stack/crtattiny2313.o
                0x0000000000000026                __init
 *(.init0)
 *(.init1)
 *(.init1)
 *(.init2)
 .init2         0x0000000000000026        0x8 /usr/lib/gcc/avr/4.9.2/../../../avr/lib/avr25/tiny-stack/crtattiny2313.o
 *(.init2)
 *(.init3)
 *(.init3)
 *(.init4)
 .init4         0x000000000000002e       0x16 /usr/lib/gcc/avr/4.9.2/avr25/tiny-stack/libgcc.a(_copy_data.o)
                0x000000000000002e                __do_copy_data
 .init4         0x0000000000000044       0x10 /usr/lib/gcc/avr/4.9.2/avr25/tiny-stack/libgcc.a(_clear_bss.o)
                0x0000000000000044                __do_clear_bss
 *(.init4)
 *(.init5)
 *(.init5)
 *(.init6)
 *(.init6)
 *(.init7)
 *(.init7)
 *(.init8)
 *(.init8)
 *(.init9)
 .init9         0x0000000000000054        0x4 /usr/lib/gcc/avr/4.9.2/../../../avr/lib/avr25/tiny-stack/crtattiny2313.o
 *(.init9)
 *(.text)
 .text          0x0000000000000058        0x2 /usr/lib/gcc/avr/4.9.2/../../../avr/lib/avr25/tiny-stack/crtattiny2313.o
                0x0000000000000058                __vector_12
                0x0000000000000058                __bad_interrupt
                0x0000000000000058                __vector_6
                0x0000000000000058                __vector_3
                0x0000000000000058                __vector_11
                0x0000000000000058                __vector_13
                0x0000000000000058                __vector_17
                0x0000000000000058                __vector_5
                0x0000000000000058                __vector_4
                0x0000000000000058                __vector_9
                0x0000000000000058                __vector_15
                0x0000000000000058                __vector_14
                0x0000000000000058                __vector_10
                0x0000000000000058                __vector_16
 .text          0x000000000000005a      0x17c main.o
                0x0000000000000094                __vector_1
                0x0000000000000132                __vector_2
                0x000000000000015a                __vector_18
 .text          0x00000000000001d6      0x176 uart.o
                0x00000000000001d6                init_uart
                0x00000000000001e6                send_uart
                0x00000000000001ee                receive_uart
                0x00000000000001f6                uart_getc
                0x000000000000022a                uart_getc_f
                0x0000000000000236                uart_getc_wait
                0x0000000000000242                uart_putc
                0x000000000000026e                uart_putc_f
                0x0000000000000276                uart_puts
                0x000000000000028c                uart_puts_P
                0x00000000000002ac                __vector_8
                0x00000000000002fe                __vector_7
 .text          0x000000000000034c        0x0 /usr/lib/gcc/avr/4.9.2/avr25/tiny-stack/libgcc.a(_exit.o)
 .text          0x000000000000034c        0x0 /usr/lib/gcc/avr/4.9.2/avr25/tiny-stack/libgcc.a(_copy_data.o)
 .text          0x000000000000034c        0x0 /usr/lib/gcc/avr/4.9.2/avr25/tiny-stack/libgcc.a(_clear_bss.o)
 .text          0x000000000000034c        0x0 /usr/lib/gcc/avr/4.9.2/avr25/tiny-stack/libgcc.a(_adddi3_s8.o)
 .text          0x000000000000034c        0x0 /usr/lib/gcc/avr/4.9.2/avr25/tiny-stack/libgcc.a(_subdi3.o)
 .text          0x000000000000034c        0x0 /usr/lib/gcc/avr/4.9.2/avr25/tiny-stack/libgcc.a(_cmpdi2_s8.o)
                0x000000000000034c                . = ALIGN (0x2)
 *(.text.*)
 .text.startup  0x000000000000034c      0x370 main.o
                0x000000000000034c                main
 .text.libgcc.mul
                0x00000000000006bc        0x0 /usr/lib/gcc/avr/4.9.2/avr25/tiny-stack/libgcc.a(_exit.o)
 .text.libgcc.div
                0x00000000000006bc        0x0 /usr/lib/gcc/avr/4.9.2/avr25/tiny-stack/libgcc.a(_exit.o)
 .text.libgcc   0x00000000000006bc        0x0 /usr/lib/gcc/avr/4.9.2/avr25/tiny-stack/libgcc.a(_exit.o)
 .text.libgcc.prologue
                0x00000000000006bc        0x0 /usr/lib/gcc/avr/4.9.2/avr25/tiny-stack/libgcc.a(_exit.o)
 .text.libgcc.builtins
                0x00000000000006bc        0x0 /usr/lib/gcc/avr/4.9.2/avr25/tiny-stack/libgcc.a(_exit.o)
 .text.libgcc.fmul
                0x00000000000006bc        0x0 /usr/lib/gcc/avr/4.9.2/avr25/tiny-stack/libgcc.a(_exit.o)
 .text.libgcc.fixed
                0x00000000000006bc        0x0 /usr/lib/gcc/avr/4.9.2/avr25/tiny-stack/libgcc.a(_exit.o)
 .text.libgcc.mul
                0x00000000000006bc        0x0 /usr/lib/gcc/avr/4.9.2/avr25/tiny-stack/libgcc.a(_copy_data.o)
 .text.libgcc.div
                0x00000000000006bc        0x0 /usr/lib/gcc/avr/4.9.2/avr25/tiny-stack/libgcc.a(_copy_data.o)
 .text.libgcc   0x00000000000006bc        0x0 /usr/lib/gcc/avr/4.9.2/avr25/tiny-stack/libgcc.a(_copy_data.o)
 .text.libgcc.prologue
                0x00000000000006bc        0x0 /usr/lib/gcc/avr/4.9.2/avr25/tiny-stack/libgcc.a(_copy_data.o)
 .text.libgcc.builtins
                0x00000000000006bc        0x0 /usr/lib/gcc/avr/4.9.2/avr25/tiny-stack/libgcc.a(_copy_data.o)
 .text.libgcc.fmul
                0x00000000000006bc        0x0 /usr/lib/gcc/avr/4.9.2/avr25/tiny-stack/libgcc.a(_copy_data.o)
 .text.libgcc.fixed
                0x00000000000006bc        0x0 /usr/lib/gcc/avr/4.9.2/avr25/tiny-stack/libgcc.a(_copy_data.o)
 .text.libgcc.mul
                0x00000000000006bc        0x0 /usr/lib/gcc/avr/4.9.2/avr25/tiny-stack/libgcc.a(_clear_bss.o)
 .text.libgcc.div
                0x00000000000006bc        0x0 /usr/lib/gcc/avr/4.9.2/avr25/tiny-stack/libgcc.a(_clear_bss.o)
 .text.libgcc   0x00000000000006bc        0x0 /usr/lib/gcc/avr/4.9.2/avr25/tiny-stack/libgcc.a(_clear_bss.o)
 .text.libgcc.prologue
                0x00000000000006bc        0x0 /usr/lib/gcc/avr/4.9.2/avr25/tiny-stack/libgcc.a(_clear_bss.o)
 .text.libgcc.builtins
                0x00000000000006bc        0x0 /usr/lib/gcc/avr/4.9.2/avr25/tiny-stack/libgcc.a(_clear_bss.o)
 .text.libgcc.fmul
                0x00000000000006bc        0x0 /usr/lib/gcc/avr/4.9.2/avr25/tiny-stack/libgcc.a(_clear_bss.o)
 .text.libgcc.fixed
                0x00000000000006bc        0x0 /usr/lib/gcc/avr/4.9.2/avr25/tiny-stack/libgcc.a(_clear_bss.o)
 .text.libgcc.mul
                0x00000000000006bc        0x0 /usr/lib/gcc/avr/4.9.2/avr25/tiny-stack/libgcc.a(_adddi3_s8.o)
 .text.libgcc.div
                0x00000000000006bc        0x0 /usr/lib/gcc/avr/4.9.2/avr25/tiny-stack/libgcc.a(_adddi3_s8.o)
 .text.libgcc   0x00000000000006bc       0x18 /usr/lib/gcc/avr/4.9.2/avr25/tiny-stack/libgcc.a(_adddi3_s8.o)
                0x00000000000006bc                __adddi3_s8
 .text.libgcc.prologue
                0x00000000000006d4        0x0 /usr/lib/gcc/avr/4.9.2/avr25/tiny-stack/libgcc.a(_adddi3_s8.o)
 .text.libgcc.builtins
                0x00000000000006d4        0x0 /usr/lib/gcc/avr/4.9.2/avr25/tiny-stack/libgcc.a(_adddi3_s8.o)
 .text.libgcc.fmul
                0x00000000000006d4        0x0 /usr/lib/gcc/avr/4.9.2/avr25/tiny-stack/libgcc.a(_adddi3_s8.o)
 .text.libgcc.fixed
                0x00000000000006d4        0x0 /usr/lib/gcc/avr/4.9.2/avr25/tiny-stack/libgcc.a(_adddi3_s8.o)
 .text.libgcc.mul
                0x00000000000006d4        0x0 /usr/lib/gcc/avr/4.9.2/avr25/tiny-stack/libgcc.a(_subdi3.o)
 .text.libgcc.div
                0x00000000000006d4        0x0 /usr/lib/gcc/avr/4.9.2/avr25/tiny-stack/libgcc.a(_subdi3.o)
 .text.libgcc   0x00000000000006d4       0x12 /usr/lib/gcc/avr/4.9.2/avr25/tiny-stack/libgcc.a(_subdi3.o)
                0x00000000000006d4                __subdi3
 .text.libgcc.prologue
                0x00000000000006e6        0x0 /usr/lib/gcc/avr/4.9.2/avr25/tiny-stack/libgcc.a(_subdi3.o)
 .text.libgcc.builtins
                0x00000000000006e6        0x0 /usr/lib/gcc/avr/4.9.2/avr25/tiny-stack/libgcc.a(_subdi3.o)
 .text.libgcc.fmul
                0x00000000000006e6        0x0 /usr/lib/gcc/avr/4.9.2/avr25/tiny-stack/libgcc.a(_subdi3.o)
 .text.libgcc.fixed
                0x00000000000006e6        0x0 /usr/lib/gcc/avr/4.9.2/avr25/tiny-stack/libgcc.a(_subdi3.o)
 .text.libgcc.mul
                0x00000000000006e6        0x0 /usr/lib/gcc/avr/4.9.2/avr25/tiny-stack/libgcc.a(_cmpdi2_s8.o)
 .text.libgcc.div
                0x00000000000006e6        0x0 /usr/lib/gcc/avr/4.9.2/avr25/tiny-stack/libgcc.a(_cmpdi2_s8.o)
 .text.libgcc   0x00000000000006e6       0x18 /usr/lib/gcc/avr/4.9.2/avr25/tiny-stack/libgcc.a(_cmpdi2_s8.o)
                0x00000000000006e6                __cmpdi2_s8
 .text.libgcc.prologue
                0x00000000000006fe        0x0 /usr/lib/gcc/avr/4.9.2/avr25/tiny-stack/libgcc.a(_cmpdi2_s8.o)
 .text.libgcc.builtins
                0x00000000000006fe        0x0 /usr/lib/gcc/avr/4.9.2/avr25/tiny-stack/libgcc.a(_cmpdi2_s8.o)
 .text.libgcc.fmul
                0x00000000000006fe        0x0 /usr/lib/gcc/avr/4.9.2/avr25/tiny-stack/libgcc.a(_cmpdi2_s8.o)
 .text.libgcc.fixed
                0x00000000000006fe        0x0 /usr/lib/gcc/avr/4.9.2/avr25/tiny-stack/libgcc.a(_cmpdi2_s8.o)
                0x00000000000006fe                . = ALIGN (0x2)
 *(.fini9)
 .fini9         0x00000000000006fe        0x0 /usr/lib/gcc/avr/4.9.2/avr25/tiny-stack/libgcc.a(_exit.o)
                0x00000000000006fe                exit
                0x00000000000006fe                _exit
 *(.fini9)
 *(.fini8)
 *(.fini8)
 *(.fini7)
 *(.fini7)
 *(.fini6)
 *(.fini6)
 *(.fini5)
 *(.fini5)
 *(.fini4)
 *(.fini4)
 *(.fini3)
 *(.fini3)
 *(.fini2)
 *(.fini2)
 *(.fini1)
 *(.fini1)
 *(.fini0)
 .fini0         0x00000000000006fe        0x4 /usr/lib/gcc/avr/4.9.2/avr25/tiny-stack/libgcc.a(_exit.o)
 *(.fini0)
                0x0000000000000702                _etext = .

.data           0x0000000000800060       0x22 load address 0x0000000000000702
                0x0000000000800060                PROVIDE (__data_start, .)
 *(.data)
 .data          0x0000000000800060        0x0 /usr/lib/gcc/avr/4.9.2/../../../avr/lib/avr25/tiny-stack/crtattiny2313.o
 .data          0x0000000000800060        0x0 main.o
 .data          0x0000000000800060       0x21 uart.o
 .data          0x0000000000800081        0x0 /usr/lib/gcc/avr/4.9.2/avr25/tiny-stack/libgcc.a(_exit.o)
 .data          0x0000000000800081        0x0 /usr/lib/gcc/avr/4.9.2/avr25/tiny-stack/libgcc.a(_copy_data.o)
 .data          0x0000000000800081        0x0 /usr/lib/gcc/avr/4.9.2/avr25/tiny-stack/libgcc.a(_clear_bss.o)
 .data          0x0000000000800081        0x0 /usr/lib/gcc/avr/4.9.2/avr25/tiny-stack/libgcc.a(_adddi3_s8.o)
 .data          0x0000000000800081        0x0 /usr/lib/gcc/avr/4.9.2/avr25/tiny-stack/libgcc.a(_subdi3.o)
 .data          0x0000000000800081        0x0 /usr/lib/gcc/avr/4.9.2/avr25/tiny-stack/libgcc.a(_cmpdi2_s8.o)
 *(.data*)
 *(.rodata)
 *(.rodata*)
 *(.gnu.linkonce.d*)
                0x0000000000800082                . = ALIGN (0x2)
 *fill*         0x0000000000800081        0x1 
                0x0000000000800082                _edata = .
                0x0000000000800082                PROVIDE (__data_end, .)

.bss            0x0000000000800082       0x19
                0x0000000000800082                PROVIDE (__bss_start, .)
 *(.bss)
 .bss           0x0000000000800082        0x0 /usr/lib/gcc/avr/4.9.2/../../../avr/lib/avr25/tiny-stack/crtattiny2313.o
 .bss           0x0000000000800082       0x15 main.o
 .bss           0x0000000000800097        0x4 uart.o
 .bss           0x000000000080009b        0x0 /usr/lib/gcc/avr/4.9.2/avr25/tiny-stack/libgcc.a(_exit.o)
 .bss           0x000000000080009b        0x0 /usr/lib/gcc/avr/4.9.2/avr25/tiny-stack/libgcc.a(_copy_data.o)
 .bss           0x000000000080009b        0x0 /usr/lib/gcc/avr/4.9.2/avr25/tiny-stack/libgcc.a(_clear_bss.o)
 .bss           0x000000000080009b        0x0 /usr/lib/gcc/avr/4.9.2/avr25/tiny-stack/libgcc.a(_adddi3_s8.o)
 .bss           0x000000000080009b        0x0 /usr/lib/gcc/avr/4.9.2/avr25/tiny-stack/libgcc.a(_subdi3.o)
 .bss           0x000000000080009b        0x0 /usr/lib/gcc/avr/4.9.2/avr25/tiny-stack/libgcc.a(_cmpdi2_s8.o)
 *(.bss*)
 *(COMMON)
                0x000000000080009b                PROVIDE (__bss_end, .)
                0x0000000000000702                __data_load_start = LOADADDR (.data)
                0x0000000000000724                __data_load_end = (__data_load_start + SIZEOF (.data))

.noinit         0x000000000080009b        0x0
                0x000000000080009b                PROVIDE (__noinit_start, .)
 *(.noinit*)
                0x000000000080009b                PROVIDE (__noinit_end, .)
                0x000000000080009b                _end = .
                0x000000000080009b                PROVIDE (__heap_start, .)

.eeprom         0x0000000000810000        0x0
 *(.eeprom*)
                0x0000000000810000                __eeprom_end = .

.fuse
 *(.fuse)
 *(.lfuse)
 *(.hfuse)
 *(.efuse)

.lock
 *(.lock*)

.signature
 *(.signature*)

.user_signatures
 *(.user_signatures*)

.stab           0x0000000000000000     0x17c4
 *(.stab)
 .stab          0x0000000000000000      0xeac main.o
 .stab          0x0000000000000eac      0x918 uart.o
                                        0xb28 (size before relaxing)

.stabstr        0x0000000000000000     0x1122
 *(.stabstr)
 .stabstr       0x0000000000000000     0x1122 main.o

.stab.excl
 *(.stab.excl)

.stab.exclstr
 *(.stab.exclstr)

.stab.index
 *(.stab.index)

.stab.indexstr
 *(.stab.indexstr)

.comment        0x0000000000000000       0x11
 *(.comment)
 .comment       0x0000000000000000       0x11 main.o
                                         0x12 (size before relaxing)
 .comment       0x0000000000000011       0x12 uart.o

.note.gnu.avr.deviceinfo
                0x0000000000000000       0x40
 .note.gnu.avr.deviceinfo
                0x0000000000000000       0x40 /usr/lib/gcc/avr/4.9.2/../../../avr/lib/avr25/tiny-stack/crtattiny2313.o

.note.gnu.build-id
 *(.note.gnu.build-id)

.debug
 *(.debug)

.line
 *(.line)

.debug_srcinfo
 *(.debug_srcinfo)

.debug_sfnames
 *(.debug_sfnames)

.debug_aranges
 *(.debug_aranges)

.debug_pubnames
 *(.debug_pubnames)

.debug_info
 *(.debug_info .gnu.linkonce.wi.*)

.debug_abbrev
 *(.debug_abbrev)

.debug_line
 *(.debug_line .debug_line.* .debug_line_end)

.debug_frame
 *(.debug_frame)

.debug_str
 *(.debug_str)

.debug_loc
 *(.debug_loc)

.debug_macinfo
 *(.debug_macinfo)

.debug_weaknames
 *(.debug_weaknames)

.debug_funcnames
 *(.debug_funcnames)

.debug_typenames
 *(.debug_typenames)

.debug_varnames
 *(.debug_varnames)

.debug_pubtypes
 *(.debug_pubtypes)

.debug_ranges
 *(.debug_ranges)

.debug_macro
 *(.debug_macro)
OUTPUT(main.elf elf32-avr)
LOAD linker stubs

Cross Reference Table

Symbol                                            File
__adddi3_s8                                       /usr/lib/gcc/avr/4.9.2/avr25/tiny-stack/libgcc.a(_adddi3_s8.o)
                                                  main.o
__bad_interrupt                                   /usr/lib/gcc/avr/4.9.2/../../../avr/lib/avr25/tiny-stack/crtattiny2313.o
__bss_end                                         /usr/lib/gcc/avr/4.9.2/avr25/tiny-stack/libgcc.a(_clear_bss.o)
__bss_start                                       /usr/lib/gcc/avr/4.9.2/avr25/tiny-stack/libgcc.a(_clear_bss.o)
__cmpdi2_s8                                       /usr/lib/gcc/avr/4.9.2/avr25/tiny-stack/libgcc.a(_cmpdi2_s8.o)
                                                  main.o
__data_end                                        /usr/lib/gcc/avr/4.9.2/avr25/tiny-stack/libgcc.a(_copy_data.o)
__data_load_start                                 /usr/lib/gcc/avr/4.9.2/avr25/tiny-stack/libgcc.a(_copy_data.o)
__data_start                                      /usr/lib/gcc/avr/4.9.2/avr25/tiny-stack/libgcc.a(_copy_data.o)
__do_clear_bss                                    /usr/lib/gcc/avr/4.9.2/avr25/tiny-stack/libgcc.a(_clear_bss.o)
                                                  uart.o
                                                  main.o
__do_copy_data                                    /usr/lib/gcc/avr/4.9.2/avr25/tiny-stack/libgcc.a(_copy_data.o)
                                                  uart.o
__heap_end                                        /usr/lib/gcc/avr/4.9.2/../../../avr/lib/avr25/tiny-stack/crtattiny2313.o
__init                                            /usr/lib/gcc/avr/4.9.2/../../../avr/lib/avr25/tiny-stack/crtattiny2313.o
__stack                                           /usr/lib/gcc/avr/4.9.2/../../../avr/lib/avr25/tiny-stack/crtattiny2313.o
__subdi3                                          /usr/lib/gcc/avr/4.9.2/avr25/tiny-stack/libgcc.a(_subdi3.o)
                                                  main.o
__vector_1                                        main.o
                                                  /usr/lib/gcc/avr/4.9.2/../../../avr/lib/avr25/tiny-stack/crtattiny2313.o
__vector_10                                       /usr/lib/gcc/avr/4.9.2/../../../avr/lib/avr25/tiny-stack/crtattiny2313.o
__vector_11                                       /usr/lib/gcc/avr/4.9.2/../../../avr/lib/avr25/tiny-stack/crtattiny2313.o
__vector_12                                       /usr/lib/gcc/avr/4.9.2/../../../avr/lib/avr25/tiny-stack/crtattiny2313.o
__vector_13                                       /usr/lib/gcc/avr/4.9.2/../../../avr/lib/avr25/tiny-stack/crtattiny2313.o
__vector_14                                       /usr/lib/gcc/avr/4.9.2/../../../avr/lib/avr25/tiny-stack/crtattiny2313.o
__vector_15                                       /usr/lib/gcc/avr/4.9.2/../../../avr/lib/avr25/tiny-stack/crtattiny2313.o
__vector_16                                       /usr/lib/gcc/avr/4.9.2/../../../avr/lib/avr25/tiny-stack/crtattiny2313.o
__vector_17                                       /usr/lib/gcc/avr/4.9.2/../../../avr/lib/avr25/tiny-stack/crtattiny2313.o
__vector_18                                       main.o
                                                  /usr/lib/gcc/avr/4.9.2/../../../avr/lib/avr25/tiny-stack/crtattiny2313.o
__vector_2                                        main.o
                                                  /usr/lib/gcc/avr/4.9.2/../../../avr/lib/avr25/tiny-stack/crtattiny2313.o
__vector_3                                        /usr/lib/gcc/avr/4.9.2/../../../avr/lib/avr25/tiny-stack/crtattiny2313.o
__vector_4                                        /usr/lib/gcc/avr/4.9.2/../../../avr/lib/avr25/tiny-stack/crtattiny2313.o
__vector_5                                        /usr/lib/gcc/avr/4.9.2/../../../avr/lib/avr25/tiny-stack/crtattiny2313.o
__vector_6                                        /usr/lib/gcc/avr/4.9.2/../../../avr/lib/avr25/tiny-stack/crtattiny2313.o
__vector_7                                        uart.o
                                                  /usr/lib/gcc/avr/4.9.2/../../../avr/lib/avr25/tiny-stack/crtattiny2313.o
__vector_8                                        uart.o
                                                  /usr/lib/gcc/avr/4.9.2/../../../avr/lib/avr25/tiny-stack/crtattiny2313.o
__vector_9                                        /usr/lib/gcc/avr/4.9.2/../../../avr/lib/avr25/tiny-stack/crtattiny2313.o
__vector_default                                  /usr/lib/gcc/avr/4.9.2/../../../avr/lib/avr25/tiny-stack/crtattiny2313.o
__vectors                                         /usr/lib/gcc/avr/4.9.2/../../../avr/lib/avr25/tiny-stack/crtattiny2313.o
_exit                                             /usr/lib/gcc/avr/4.9.2/avr25/tiny-stack/libgcc.a(_exit.o)
exit                                              /usr/lib/gcc/avr/4.9.2/avr25/tiny-stack/libgcc.a(_exit.o)
                                                  /usr/lib/gcc/avr/4.9.2/../../../avr/lib/avr25/tiny-stack/crtattiny2313.o
init_uart                                         uart.o
main                                              main.o
                                                  /usr/lib/gcc/avr/4.9.2/../../../avr/lib/avr25/tiny-stack/crtattiny2313.o
receive_uart                                      uart.o
send_uart                                         uart.o
uart_getc                                         uart.o
uart_getc_f                                       uart.o
uart_getc_wait                                    uart.o
uart_putc                                         uart.o
uart_putc_f                                       uart.o
uart_puts                                         uart.o
uart_puts_P                                       uart.o
